Circuit: * C:\Users\tshis\Documents\GitHub\IOT-Application---All-files\Simulation\Draft6.asc

D4: both pins shorted together -- ignoring.
Direct Newton iteration failed to find .op point.  (Use ".option noopiter" to skip.)
Starting Gmin stepping
Gmin = 10
Gmin = 1.07374
Gmin = 0.115292
Gmin = 0.0123794
Gmin = 0.00132923
Gmin = 0.000142725
Gmin = 1.5325e-005
Gmin = 1.6455e-006
Gmin = 1.76685e-007
Gmin = 1.89714e-008
Gmin = 2.03704e-009
Gmin = 2.18725e-010
Gmin = 2.34854e-011
Gmin = 2.52173e-012
Gmin = 2.70769e-013
Gmin = 0
Gmin stepping succeeded in finding the operating point.


Date: Sat Jun 19 09:32:53 2021
Total elapsed time: 1.251 seconds.

tnom = 27
temp = 27
method = modified trap
totiter = 45971
traniter = 45592
tranpoints = 18235
accept = 12309
rejected = 5926
matrix size = 57
fillins = 54
solver = Normal
Thread vector: 12.3/8.8[3] 7.4/4.8[3] 4.1/4.7[1] 0.6/1.6[1]  2592/500
Matrix Compiler1: 9.87 KB object code size  2.8/1.3/[1.0]
Matrix Compiler2: 6.66 KB object code size  2.1/2.5/[1.1]

